[     107ms] [INFO] %cDownload the React DevTools for a better development experience: https://react.dev/link/react-devtools font-weight:bold @ http://localhost:3000/_next/static/chunks/node_modules_next_dist_1ybzpk2._.js:2489
[     139ms] [LOG] [HMR] connected @ http://localhost:3000/_next/static/chunks/node_modules_next_dist_1ybzpk2._.js:2489
[     270ms] [LOG] [Fast Refresh] rebuilding @ http://localhost:3000/_next/static/chunks/node_modules_next_dist_1ybzpk2._.js:2489
[     321ms] [LOG] [Fast Refresh] done in 154ms @ http://localhost:3000/_next/static/chunks/node_modules_next_dist_1ybzpk2._.js:2489
[  106339ms] [LOG] [Fast Refresh] rebuilding @ http://localhost:3000/_next/static/chunks/node_modules_next_dist_1ybzpk2._.js:2489
[  106341ms] [LOG] [Fast Refresh] done in 104ms @ http://localhost:3000/_next/static/chunks/node_modules_next_dist_1ybzpk2._.js:2489
[  123702ms] [LOG] [Fast Refresh] rebuilding @ http://localhost:3000/_next/static/chunks/node_modules_next_dist_1ybzpk2._.js:2489
[  123733ms] [LOG] [Fast Refresh] done in 149ms @ http://localhost:3000/_next/static/chunks/node_modules_next_dist_1ybzpk2._.js:2489
[  214255ms] [ERROR] WebSocket connection to 'ws://localhost:3000/_next/webpack-hmr?id=gyUfBwID9ptQkAW8ZFpnY' failed: Error in connection establishment: net::ERR_CONNECTION_REFUSED @ http://localhost:3000/_next/static/chunks/node_modules_next_dist_client_0r5nbpw._.js:13422
[  217590ms] [ERROR] WebSocket connection to 'ws://localhost:3000/_next/webpack-hmr?id=gyUfBwID9ptQkAW8ZFpnY' failed: Error in connection establishment: net::ERR_CONNECTION_REFUSED @ http://localhost:3000/_next/static/chunks/node_modules_next_dist_client_0r5nbpw._.js:13422
[  220929ms] [ERROR] WebSocket connection to 'ws://localhost:3000/_next/webpack-hmr?id=gyUfBwID9ptQkAW8ZFpnY' failed: Error in connection establishment: net::ERR_CONNECTION_REFUSED @ http://localhost:3000/_next/static/chunks/node_modules_next_dist_client_0r5nbpw._.js:13422
[  224259ms] [ERROR] WebSocket connection to 'ws://localhost:3000/_next/webpack-hmr?id=gyUfBwID9ptQkAW8ZFpnY' failed: Error in connection establishment: net::ERR_CONNECTION_REFUSED @ http://localhost:3000/_next/static/chunks/node_modules_next_dist_client_0r5nbpw._.js:13422
[  227584ms] [ERROR] WebSocket connection to 'ws://localhost:3000/_next/webpack-hmr?id=gyUfBwID9ptQkAW8ZFpnY' failed: Error in connection establishment: net::ERR_CONNECTION_REFUSED @ http://localhost:3000/_next/static/chunks/node_modules_next_dist_client_0r5nbpw._.js:13422
[  234925ms] [ERROR] WebSocket connection to 'ws://localhost:3000/_next/webpack-hmr?id=gyUfBwID9ptQkAW8ZFpnY' failed: Error in connection establishment: net::ERR_CONNECTION_REFUSED @ http://localhost:3000/_next/static/chunks/node_modules_next_dist_client_0r5nbpw._.js:13422
[  242258ms] [ERROR] WebSocket connection to 'ws://localhost:3000/_next/webpack-hmr?id=gyUfBwID9ptQkAW8ZFpnY' failed: Error in connection establishment: net::ERR_CONNECTION_REFUSED @ http://localhost:3000/_next/static/chunks/node_modules_next_dist_client_0r5nbpw._.js:13422
[  249604ms] [ERROR] WebSocket connection to 'ws://localhost:3000/_next/webpack-hmr?id=gyUfBwID9ptQkAW8ZFpnY' failed: Error in connection establishment: net::ERR_CONNECTION_REFUSED @ http://localhost:3000/_next/static/chunks/node_modules_next_dist_client_0r5nbpw._.js:13422
[  256953ms] [ERROR] WebSocket connection to 'ws://localhost:3000/_next/webpack-hmr?id=gyUfBwID9ptQkAW8ZFpnY' failed: Error in connection establishment: net::ERR_CONNECTION_REFUSED @ http://localhost:3000/_next/static/chunks/node_modules_next_dist_client_0r5nbpw._.js:13422
[  264313ms] [ERROR] WebSocket connection to 'ws://localhost:3000/_next/webpack-hmr?id=gyUfBwID9ptQkAW8ZFpnY' failed: Error in connection establishment: net::ERR_CONNECTION_REFUSED @ http://localhost:3000/_next/static/chunks/node_modules_next_dist_client_0r5nbpw._.js:13422
[  271663ms] [ERROR] WebSocket connection to 'ws://localhost:3000/_next/webpack-hmr?id=gyUfBwID9ptQkAW8ZFpnY' failed: Error in connection establishment: net::ERR_CONNECTION_REFUSED @ http://localhost:3000/_next/static/chunks/node_modules_next_dist_client_0r5nbpw._.js:13422
[  279098ms] [ERROR] WebSocket connection to 'ws://localhost:3000/_next/webpack-hmr?id=gyUfBwID9ptQkAW8ZFpnY' failed: Error in connection establishment: net::ERR_CONNECTION_REFUSED @ http://localhost:3000/_next/static/chunks/node_modules_next_dist_client_0r5nbpw._.js:13422
